eeschema (2011-10-18 BZR 3179)-testing  >> Creation date: Fri 25 Nov 2011 10:58:01 PM CET

#Cmp ( order = Reference )
| BC1        NPN         
| F1         CERAMIC_FILTER
| IC1        ATMEGA168-20PU
| P1         CONN_6      
| P2         I2C         
| R1         680         
| RV1        10k         
| SW1        SW_PUSH     
| SW2        SW_PUSH     
| SW3        SW_PUSH     
| SW4        SW_PUSH     
| SW5        CODING_SWITCH5
| U1         100nF       
| U2         100uF       
| U3         2X16DIGIT-DISPLAY
| U4         100nF       
#End Cmp

#Cmp ( order = Value )
| 100nF        U1        
| 100nF        U4        
| 100uF        U2        
| 10k          RV1       
| 2X16DIGIT-DISPLAY U3        
| 680          R1        
| ATMEGA168-20PU IC1       
| CERAMIC_FILTER F1        
| CODING_SWITCH5 SW5       
| CONN_6       P1        
| I2C          P2        
| NPN          BC1       
| SW_PUSH      SW1       
| SW_PUSH      SW2       
| SW_PUSH      SW3       
| SW_PUSH      SW4       
#End Cmp

#End List
