Archive member included because of file (symbol)

c:/arduino/winavr-20090313/bin/../lib/gcc/avr/4.3.2/avr25\libgcc.a(_mulhi3.o)
                              Keyboard.o (__mulhi3)
c:/arduino/winavr-20090313/bin/../lib/gcc/avr/4.3.2/avr25\libgcc.a(_exit.o)
                              c:/arduino/winavr-20090313/bin/../lib/gcc/avr/4.3.2/../../../../avr/lib/avr25/crttn2313.o (exit)
c:/arduino/winavr-20090313/bin/../lib/gcc/avr/4.3.2/avr25\libgcc.a(_clear_bss.o)
                              usiTwiSlave.o (__do_clear_bss)

Allocating common symbols
Common symbol       size              file

KeyTail             0x1               Keyboard.o
LastKeyState        0x1               Keyboard.o
KeyHead             0x1               Keyboard.o
KeyTimer            0x1               Keyboard.o
KeyBuffer           0x10              Keyboard.o

Memory Configuration

Name             Origin             Length             Attributes
text             0x00000000         0x00002000         xr
data             0x00800060         0x0000ffa0         rw !x
eeprom           0x00810000         0x00010000         rw !x
fuse             0x00820000         0x00000400         rw !x
lock             0x00830000         0x00000400         rw !x
signature        0x00840000         0x00000400         rw !x
*default*        0x00000000         0xffffffff

Linker script and memory map

LOAD c:/arduino/winavr-20090313/bin/../lib/gcc/avr/4.3.2/../../../../avr/lib/avr25/crttn2313.o
LOAD I2C_LCD.o
LOAD usiTwiSlave.o
LOAD wiring.o
LOAD LCD4Bit.o
LOAD Keyboard.o
LOAD c:/arduino/winavr-20090313/bin/../lib/gcc/avr/4.3.2/avr25\libgcc.a
LOAD c:/arduino/winavr-20090313/bin/../lib/gcc/avr/4.3.2/../../../../avr/lib/avr25\libc.a
LOAD c:/arduino/winavr-20090313/bin/../lib/gcc/avr/4.3.2/avr25\libgcc.a

.hash
 *(.hash)

.dynsym
 *(.dynsym)

.dynstr
 *(.dynstr)

.gnu.version
 *(.gnu.version)

.gnu.version_d
 *(.gnu.version_d)

.gnu.version_r
 *(.gnu.version_r)

.rel.init
 *(.rel.init)

.rela.init
 *(.rela.init)

.rel.text
 *(.rel.text)
 *(.rel.text.*)
 *(.rel.gnu.linkonce.t*)

.rela.text
 *(.rela.text)
 *(.rela.text.*)
 *(.rela.gnu.linkonce.t*)

.rel.fini
 *(.rel.fini)

.rela.fini
 *(.rela.fini)

.rel.rodata
 *(.rel.rodata)
 *(.rel.rodata.*)
 *(.rel.gnu.linkonce.r*)

.rela.rodata
 *(.rela.rodata)
 *(.rela.rodata.*)
 *(.rela.gnu.linkonce.r*)

.rel.data
 *(.rel.data)
 *(.rel.data.*)
 *(.rel.gnu.linkonce.d*)

.rela.data
 *(.rela.data)
 *(.rela.data.*)
 *(.rela.gnu.linkonce.d*)

.rel.ctors
 *(.rel.ctors)

.rela.ctors
 *(.rela.ctors)

.rel.dtors
 *(.rel.dtors)

.rela.dtors
 *(.rela.dtors)

.rel.got
 *(.rel.got)

.rela.got
 *(.rela.got)

.rel.bss
 *(.rel.bss)

.rela.bss
 *(.rela.bss)

.rel.plt
 *(.rel.plt)

.rela.plt
 *(.rela.plt)

.text           0x00000000      0x7f4
 *(.vectors)
 .vectors       0x00000000       0x26 c:/arduino/winavr-20090313/bin/../lib/gcc/avr/4.3.2/../../../../avr/lib/avr25/crttn2313.o
                0x00000000                __vectors
                0x00000000                __vector_default
 *(.vectors)
 *(.progmem.gcc*)
 *(.progmem*)
                0x00000026                . = ALIGN (0x2)
                0x00000026                __trampolines_start = .
 *(.trampolines)
 .trampolines   0x00000026        0x0 linker stubs
 *(.trampolines*)
                0x00000026                __trampolines_end = .
 *(.jumptables)
 *(.jumptables*)
 *(.lowtext)
 *(.lowtext*)
                0x00000026                __ctors_start = .
 *(.ctors)
                0x00000026                __ctors_end = .
                0x00000026                __dtors_start = .
 *(.dtors)
                0x00000026                __dtors_end = .
 SORT(*)(.ctors)
 SORT(*)(.dtors)
 *(.init0)
 .init0         0x00000026        0x0 c:/arduino/winavr-20090313/bin/../lib/gcc/avr/4.3.2/../../../../avr/lib/avr25/crttn2313.o
                0x00000026                __init
 *(.init0)
 *(.init1)
 *(.init1)
 *(.init2)
 .init2         0x00000026        0x8 c:/arduino/winavr-20090313/bin/../lib/gcc/avr/4.3.2/../../../../avr/lib/avr25/crttn2313.o
 *(.init2)
 *(.init3)
 *(.init3)
 *(.init4)
 .init4         0x0000002e       0x10 c:/arduino/winavr-20090313/bin/../lib/gcc/avr/4.3.2/avr25\libgcc.a(_clear_bss.o)
                0x0000002e                __do_clear_bss
 *(.init4)
 *(.init5)
 *(.init5)
 *(.init6)
 *(.init6)
 *(.init7)
 *(.init7)
 *(.init8)
 *(.init8)
 *(.init9)
 .init9         0x0000003e        0x4 c:/arduino/winavr-20090313/bin/../lib/gcc/avr/4.3.2/../../../../avr/lib/avr25/crttn2313.o
 *(.init9)
 *(.text)
 .text          0x00000042        0x2 c:/arduino/winavr-20090313/bin/../lib/gcc/avr/4.3.2/../../../../avr/lib/avr25/crttn2313.o
                0x00000042                __vector_1
                0x00000042                __vector_12
                0x00000042                __bad_interrupt
                0x00000042                __vector_3
                0x00000042                __vector_11
                0x00000042                __vector_13
                0x00000042                __vector_17
                0x00000042                __vector_7
                0x00000042                __vector_5
                0x00000042                __vector_4
                0x00000042                __vector_9
                0x00000042                __vector_2
                0x00000042                __vector_8
                0x00000042                __vector_14
                0x00000042                __vector_10
                0x00000042                __vector_18
 .text          0x00000044      0x1ae I2C_LCD.o
                0x00000080                init_mem
                0x000001e4                main
                0x000000ae                processTWI
                0x00000044                init_EE
 .text          0x000001f2      0x1ae usiTwiSlave.o
                0x00000276                usiTwiDataInReceiveBuffer
                0x00000204                usiTwiSlaveInit
                0x0000022e                usiTwiTransmitByte
                0x00000288                __vector_15
                0x00000250                usiTwiReceiveByte
                0x000001f2                flushTwiBuffers
                0x000002be                __vector_16
 .text          0x000003a0      0x1aa wiring.o
                0x0000044c                __vector_6
                0x0000042c                init
                0x000003bc                delay
                0x000003a0                millis
                0x00000410                delayMicroseconds
 .text          0x0000054a      0x134 LCD4Bit.o
                0x00000570                pushByte
                0x00000582                print
                0x0000056a                commandWriteNibble
                0x000005e2                LCD_init
                0x000005dc                clear
                0x000005ba                commandWrite
                0x0000054a                pulseEnablePin
                0x0000055c                pushNibble
                0x0000058e                printStrEE
 .text          0x0000067e      0x14e Keyboard.o
                0x00000696                performScan
                0x00000750                scanKeyb
                0x0000071e                writeKeyb
                0x000006e6                readKeyb
                0x0000067e                initKeyb
 .text          0x000007cc        0x0 c:/arduino/winavr-20090313/bin/../lib/gcc/avr/4.3.2/avr25\libgcc.a(_mulhi3.o)
 .text          0x000007cc        0x0 c:/arduino/winavr-20090313/bin/../lib/gcc/avr/4.3.2/avr25\libgcc.a(_exit.o)
 .text          0x000007cc        0x0 c:/arduino/winavr-20090313/bin/../lib/gcc/avr/4.3.2/avr25\libgcc.a(_clear_bss.o)
                0x000007cc                . = ALIGN (0x2)
 *(.text.*)
 .text.libgcc   0x000007cc       0x24 c:/arduino/winavr-20090313/bin/../lib/gcc/avr/4.3.2/avr25\libgcc.a(_mulhi3.o)
                0x000007cc                __mulhi3
 .text.libgcc   0x000007f0        0x0 c:/arduino/winavr-20090313/bin/../lib/gcc/avr/4.3.2/avr25\libgcc.a(_exit.o)
 .text.libgcc   0x000007f0        0x0 c:/arduino/winavr-20090313/bin/../lib/gcc/avr/4.3.2/avr25\libgcc.a(_clear_bss.o)
                0x000007f0                . = ALIGN (0x2)
 *(.fini9)
 .fini9         0x000007f0        0x0 c:/arduino/winavr-20090313/bin/../lib/gcc/avr/4.3.2/avr25\libgcc.a(_exit.o)
                0x000007f0                exit
                0x000007f0                _exit
 *(.fini9)
 *(.fini8)
 *(.fini8)
 *(.fini7)
 *(.fini7)
 *(.fini6)
 *(.fini6)
 *(.fini5)
 *(.fini5)
 *(.fini4)
 *(.fini4)
 *(.fini3)
 *(.fini3)
 *(.fini2)
 *(.fini2)
 *(.fini1)
 *(.fini1)
 *(.fini0)
 .fini0         0x000007f0        0x4 c:/arduino/winavr-20090313/bin/../lib/gcc/avr/4.3.2/avr25\libgcc.a(_exit.o)
 *(.fini0)
                0x000007f4                _etext = .

.data           0x00800060        0x0 load address 0x000007f4
                0x00800060                PROVIDE (__data_start, .)
 *(.data)
 .data          0x00800060        0x0 c:/arduino/winavr-20090313/bin/../lib/gcc/avr/4.3.2/../../../../avr/lib/avr25/crttn2313.o
 .data          0x00800060        0x0 I2C_LCD.o
 .data          0x00800060        0x0 usiTwiSlave.o
 .data          0x00800060        0x0 wiring.o
 .data          0x00800060        0x0 LCD4Bit.o
 .data          0x00800060        0x0 Keyboard.o
 .data          0x00800060        0x0 c:/arduino/winavr-20090313/bin/../lib/gcc/avr/4.3.2/avr25\libgcc.a(_mulhi3.o)
 .data          0x00800060        0x0 c:/arduino/winavr-20090313/bin/../lib/gcc/avr/4.3.2/avr25\libgcc.a(_exit.o)
 .data          0x00800060        0x0 c:/arduino/winavr-20090313/bin/../lib/gcc/avr/4.3.2/avr25\libgcc.a(_clear_bss.o)
 *(.data*)
 *(.rodata)
 *(.rodata*)
 *(.gnu.linkonce.d*)
                0x00800060                . = ALIGN (0x2)
                0x00800060                _edata = .
                0x00800060                PROVIDE (__data_end, .)

.bss            0x00800060       0x56
                0x00800060                PROVIDE (__bss_start, .)
 *(.bss)
 .bss           0x00800060        0x0 c:/arduino/winavr-20090313/bin/../lib/gcc/avr/4.3.2/../../../../avr/lib/avr25/crttn2313.o
 .bss           0x00800060        0x0 I2C_LCD.o
 .bss           0x00800060       0x36 usiTwiSlave.o
 .bss           0x00800096        0xc wiring.o
                0x00800096                timer0_overflow_count
                0x0080009e                timer0_millis
                0x0080009a                timer0_clock_cycles
 .bss           0x008000a2        0x0 LCD4Bit.o
 .bss           0x008000a2        0x0 Keyboard.o
 .bss           0x008000a2        0x0 c:/arduino/winavr-20090313/bin/../lib/gcc/avr/4.3.2/avr25\libgcc.a(_mulhi3.o)
 .bss           0x008000a2        0x0 c:/arduino/winavr-20090313/bin/../lib/gcc/avr/4.3.2/avr25\libgcc.a(_exit.o)
 .bss           0x008000a2        0x0 c:/arduino/winavr-20090313/bin/../lib/gcc/avr/4.3.2/avr25\libgcc.a(_clear_bss.o)
 *(.bss*)
 *(COMMON)
 COMMON         0x008000a2       0x14 Keyboard.o
                0x008000a2                KeyTail
                0x008000a3                LastKeyState
                0x008000a4                KeyHead
                0x008000a5                KeyTimer
                0x008000a6                KeyBuffer
                0x008000b6                PROVIDE (__bss_end, .)
                0x000007f4                __data_load_start = LOADADDR (.data)
                0x000007f4                __data_load_end = (__data_load_start + SIZEOF (.data))

.noinit         0x008000b6        0x0
                0x008000b6                PROVIDE (__noinit_start, .)
 *(.noinit*)
                0x008000b6                PROVIDE (__noinit_end, .)
                0x008000b6                _end = .
                0x008000b6                PROVIDE (__heap_start, .)

.eeprom         0x00810000       0x44
 *(.eeprom*)
 .eeprom        0x00810000       0x44 I2C_LCD.o
                0x00810005                b_ee_lcd_clear
                0x00810037                ee_init_str
                0x00810028                ee_keyb_debounce
                0x00810008                b_ee_keyb_map
                0x00810000                b_my_ee_address
                0x00810027                ee_lcd_clear
                0x00810004                b_ee_entry_mode
                0x00810023                my_ee_version_number
                0x00810003                b_ee_cursor_direction
                0x00810001                b_my_ee_version_number
                0x00810006                b_ee_keyb_debounce
                0x00810026                ee_entry_mode
                0x00810025                ee_cursor_direction
                0x00810022                my_ee_address
                0x00810024                ee_lcd_function_mode
                0x00810007                b_ee_spare
                0x0081002a                ee_keyb_map
                0x00810002                b_ee_lcd_function_mode
                0x00810015                b_ee_init_str
                0x00810029                ee_spare
                0x00810044                __eeprom_end = .

.fuse
 *(.fuse)
 *(.lfuse)
 *(.hfuse)
 *(.efuse)

.lock
 *(.lock*)

.signature
 *(.signature*)

.stab
 *(.stab)

.stabstr
 *(.stabstr)

.stab.excl
 *(.stab.excl)

.stab.exclstr
 *(.stab.exclstr)

.stab.index
 *(.stab.index)

.stab.indexstr
 *(.stab.indexstr)

.comment
 *(.comment)

.debug
 *(.debug)

.line
 *(.line)

.debug_srcinfo
 *(.debug_srcinfo)

.debug_sfnames
 *(.debug_sfnames)

.debug_aranges  0x00000000       0xa0
 *(.debug_aranges)
 .debug_aranges
                0x00000000       0x20 I2C_LCD.o
 .debug_aranges
                0x00000020       0x20 usiTwiSlave.o
 .debug_aranges
                0x00000040       0x20 wiring.o
 .debug_aranges
                0x00000060       0x20 LCD4Bit.o
 .debug_aranges
                0x00000080       0x20 Keyboard.o

.debug_pubnames
                0x00000000      0x44b
 *(.debug_pubnames)
 .debug_pubnames
                0x00000000      0x1d9 I2C_LCD.o
 .debug_pubnames
                0x000001d9       0xa5 usiTwiSlave.o
 .debug_pubnames
                0x0000027e       0x99 wiring.o
 .debug_pubnames
                0x00000317       0x99 LCD4Bit.o
 .debug_pubnames
                0x000003b0       0x9b Keyboard.o

.debug_info     0x00000000      0xdcd
 *(.debug_info)
 .debug_info    0x00000000      0x3c1 I2C_LCD.o
 .debug_info    0x000003c1      0x24b usiTwiSlave.o
 .debug_info    0x0000060c      0x1f3 wiring.o
 .debug_info    0x000007ff      0x332 LCD4Bit.o
 .debug_info    0x00000b31      0x29c Keyboard.o
 *(.gnu.linkonce.wi.*)

.debug_abbrev   0x00000000      0x648
 *(.debug_abbrev)
 .debug_abbrev  0x00000000      0x161 I2C_LCD.o
 .debug_abbrev  0x00000161      0x11b usiTwiSlave.o
 .debug_abbrev  0x0000027c      0x119 wiring.o
 .debug_abbrev  0x00000395      0x10f LCD4Bit.o
 .debug_abbrev  0x000004a4      0x1a4 Keyboard.o

.debug_line     0x00000000      0xddf
 *(.debug_line)
 .debug_line    0x00000000      0x342 I2C_LCD.o
 .debug_line    0x00000342      0x290 usiTwiSlave.o
 .debug_line    0x000005d2      0x1db wiring.o
 .debug_line    0x000007ad      0x38d LCD4Bit.o
 .debug_line    0x00000b3a      0x2a5 Keyboard.o

.debug_frame    0x00000000      0x230
 *(.debug_frame)
 .debug_frame   0x00000000       0x50 I2C_LCD.o
 .debug_frame   0x00000050       0x80 usiTwiSlave.o
 .debug_frame   0x000000d0       0x60 wiring.o
 .debug_frame   0x00000130       0xa0 LCD4Bit.o
 .debug_frame   0x000001d0       0x60 Keyboard.o

.debug_str      0x00000000      0x485
 *(.debug_str)
 .debug_str     0x00000000      0x1ba I2C_LCD.o
                                0x287 (size before relaxing)
 .debug_str     0x000001ba      0x1a5 usiTwiSlave.o
                                0x261 (size before relaxing)
 .debug_str     0x0000035f       0x72 wiring.o
                                0x13f (size before relaxing)
 .debug_str     0x000003d1       0x6e LCD4Bit.o
                                0x199 (size before relaxing)
 .debug_str     0x0000043f       0x46 Keyboard.o
                                0x173 (size before relaxing)

.debug_loc      0x00000000      0x40e
 *(.debug_loc)
 .debug_loc     0x00000000      0x14a I2C_LCD.o
 .debug_loc     0x0000014a       0x54 usiTwiSlave.o
 .debug_loc     0x0000019e       0xc6 wiring.o
 .debug_loc     0x00000264      0x12d LCD4Bit.o
 .debug_loc     0x00000391       0x7d Keyboard.o

.debug_macinfo
 *(.debug_macinfo)
OUTPUT(I2C_LCD.elf elf32-avr)
LOAD linker stubs

.debug_ranges   0x00000000       0x30
 .debug_ranges  0x00000000       0x30 LCD4Bit.o

Cross Reference Table

Symbol                                            File
KeyBuffer                                         Keyboard.o
KeyHead                                           Keyboard.o
                                                  I2C_LCD.o
KeyTail                                           Keyboard.o
                                                  I2C_LCD.o
KeyTimer                                          Keyboard.o
                                                  I2C_LCD.o
LCD_init                                          LCD4Bit.o
                                                  I2C_LCD.o
LastKeyState                                      Keyboard.o
                                                  I2C_LCD.o
__bad_interrupt                                   c:/arduino/winavr-20090313/bin/../lib/gcc/avr/4.3.2/../../../../avr/lib/avr25/crttn2313.o
__bss_end                                         c:/arduino/winavr-20090313/bin/../lib/gcc/avr/4.3.2/avr25\libgcc.a(_clear_bss.o)
__bss_start                                       c:/arduino/winavr-20090313/bin/../lib/gcc/avr/4.3.2/avr25\libgcc.a(_clear_bss.o)
__do_clear_bss                                    c:/arduino/winavr-20090313/bin/../lib/gcc/avr/4.3.2/avr25\libgcc.a(_clear_bss.o)
                                                  Keyboard.o
                                                  wiring.o
                                                  usiTwiSlave.o
__heap_end                                        c:/arduino/winavr-20090313/bin/../lib/gcc/avr/4.3.2/../../../../avr/lib/avr25/crttn2313.o
__init                                            c:/arduino/winavr-20090313/bin/../lib/gcc/avr/4.3.2/../../../../avr/lib/avr25/crttn2313.o
__mulhi3                                          c:/arduino/winavr-20090313/bin/../lib/gcc/avr/4.3.2/avr25\libgcc.a(_mulhi3.o)
                                                  Keyboard.o
__stack                                           c:/arduino/winavr-20090313/bin/../lib/gcc/avr/4.3.2/../../../../avr/lib/avr25/crttn2313.o
__vector_1                                        c:/arduino/winavr-20090313/bin/../lib/gcc/avr/4.3.2/../../../../avr/lib/avr25/crttn2313.o
__vector_10                                       c:/arduino/winavr-20090313/bin/../lib/gcc/avr/4.3.2/../../../../avr/lib/avr25/crttn2313.o
__vector_11                                       c:/arduino/winavr-20090313/bin/../lib/gcc/avr/4.3.2/../../../../avr/lib/avr25/crttn2313.o
__vector_12                                       c:/arduino/winavr-20090313/bin/../lib/gcc/avr/4.3.2/../../../../avr/lib/avr25/crttn2313.o
__vector_13                                       c:/arduino/winavr-20090313/bin/../lib/gcc/avr/4.3.2/../../../../avr/lib/avr25/crttn2313.o
__vector_14                                       c:/arduino/winavr-20090313/bin/../lib/gcc/avr/4.3.2/../../../../avr/lib/avr25/crttn2313.o
__vector_15                                       usiTwiSlave.o
                                                  c:/arduino/winavr-20090313/bin/../lib/gcc/avr/4.3.2/../../../../avr/lib/avr25/crttn2313.o
__vector_16                                       usiTwiSlave.o
                                                  c:/arduino/winavr-20090313/bin/../lib/gcc/avr/4.3.2/../../../../avr/lib/avr25/crttn2313.o
__vector_17                                       c:/arduino/winavr-20090313/bin/../lib/gcc/avr/4.3.2/../../../../avr/lib/avr25/crttn2313.o
__vector_18                                       c:/arduino/winavr-20090313/bin/../lib/gcc/avr/4.3.2/../../../../avr/lib/avr25/crttn2313.o
__vector_2                                        c:/arduino/winavr-20090313/bin/../lib/gcc/avr/4.3.2/../../../../avr/lib/avr25/crttn2313.o
__vector_3                                        c:/arduino/winavr-20090313/bin/../lib/gcc/avr/4.3.2/../../../../avr/lib/avr25/crttn2313.o
__vector_4                                        c:/arduino/winavr-20090313/bin/../lib/gcc/avr/4.3.2/../../../../avr/lib/avr25/crttn2313.o
__vector_5                                        c:/arduino/winavr-20090313/bin/../lib/gcc/avr/4.3.2/../../../../avr/lib/avr25/crttn2313.o
__vector_6                                        wiring.o
                                                  c:/arduino/winavr-20090313/bin/../lib/gcc/avr/4.3.2/../../../../avr/lib/avr25/crttn2313.o
__vector_7                                        c:/arduino/winavr-20090313/bin/../lib/gcc/avr/4.3.2/../../../../avr/lib/avr25/crttn2313.o
__vector_8                                        c:/arduino/winavr-20090313/bin/../lib/gcc/avr/4.3.2/../../../../avr/lib/avr25/crttn2313.o
__vector_9                                        c:/arduino/winavr-20090313/bin/../lib/gcc/avr/4.3.2/../../../../avr/lib/avr25/crttn2313.o
__vector_default                                  c:/arduino/winavr-20090313/bin/../lib/gcc/avr/4.3.2/../../../../avr/lib/avr25/crttn2313.o
__vectors                                         c:/arduino/winavr-20090313/bin/../lib/gcc/avr/4.3.2/../../../../avr/lib/avr25/crttn2313.o
_exit                                             c:/arduino/winavr-20090313/bin/../lib/gcc/avr/4.3.2/avr25\libgcc.a(_exit.o)
b_ee_cursor_direction                             I2C_LCD.o
b_ee_entry_mode                                   I2C_LCD.o
b_ee_init_str                                     I2C_LCD.o
b_ee_keyb_debounce                                I2C_LCD.o
b_ee_keyb_map                                     I2C_LCD.o
b_ee_lcd_clear                                    I2C_LCD.o
b_ee_lcd_function_mode                            I2C_LCD.o
b_ee_spare                                        I2C_LCD.o
b_my_ee_address                                   I2C_LCD.o
b_my_ee_version_number                            I2C_LCD.o
clear                                             LCD4Bit.o
commandWrite                                      LCD4Bit.o
                                                  I2C_LCD.o
commandWriteNibble                                LCD4Bit.o
delay                                             wiring.o
                                                  LCD4Bit.o
delayMicroseconds                                 wiring.o
                                                  LCD4Bit.o
ee_cursor_direction                               I2C_LCD.o
                                                  LCD4Bit.o
ee_entry_mode                                     I2C_LCD.o
                                                  LCD4Bit.o
ee_init_str                                       I2C_LCD.o
ee_keyb_debounce                                  I2C_LCD.o
                                                  Keyboard.o
ee_keyb_map                                       I2C_LCD.o
                                                  Keyboard.o
ee_lcd_clear                                      I2C_LCD.o
                                                  LCD4Bit.o
ee_lcd_function_mode                              I2C_LCD.o
                                                  LCD4Bit.o
ee_spare                                          I2C_LCD.o
exit                                              c:/arduino/winavr-20090313/bin/../lib/gcc/avr/4.3.2/avr25\libgcc.a(_exit.o)
                                                  c:/arduino/winavr-20090313/bin/../lib/gcc/avr/4.3.2/../../../../avr/lib/avr25/crttn2313.o
flushTwiBuffers                                   usiTwiSlave.o
init                                              wiring.o
                                                  I2C_LCD.o
initKeyb                                          Keyboard.o
                                                  I2C_LCD.o
init_EE                                           I2C_LCD.o
init_mem                                          I2C_LCD.o
main                                              I2C_LCD.o
                                                  c:/arduino/winavr-20090313/bin/../lib/gcc/avr/4.3.2/../../../../avr/lib/avr25/crttn2313.o
millis                                            wiring.o
my_ee_address                                     I2C_LCD.o
my_ee_version_number                              I2C_LCD.o
performScan                                       Keyboard.o
print                                             LCD4Bit.o
                                                  I2C_LCD.o
printStrEE                                        LCD4Bit.o
                                                  I2C_LCD.o
processTWI                                        I2C_LCD.o
pulseEnablePin                                    LCD4Bit.o
pushByte                                          LCD4Bit.o
pushNibble                                        LCD4Bit.o
readKeyb                                          Keyboard.o
                                                  I2C_LCD.o
scanKeyb                                          Keyboard.o
                                                  wiring.o
timer0_clock_cycles                               wiring.o
timer0_millis                                     wiring.o
timer0_overflow_count                             wiring.o
usiTwiDataInReceiveBuffer                         usiTwiSlave.o
                                                  I2C_LCD.o
usiTwiReceiveByte                                 usiTwiSlave.o
                                                  I2C_LCD.o
usiTwiSlaveInit                                   usiTwiSlave.o
                                                  I2C_LCD.o
usiTwiTransmitByte                                usiTwiSlave.o
                                                  I2C_LCD.o
writeKeyb                                         Keyboard.o
